// Jest Snapshot v1, https://goo.gl/fbAQLP

exports[`engine > containers > mazeEngineGenerator should parse an array of correct \`instructions\` and return a response 1`] = `undefined`;
